  [1m[35m (0.2ms)[0m  [1m[35mCREATE TABLE "schema_migrations" ("version" varchar NOT NULL PRIMARY KEY) /*application='CinderReach'*/[0m
  [1m[35m (0.1ms)[0m  [1m[35mCREATE TABLE "ar_internal_metadata" ("key" varchar NOT NULL PRIMARY KEY, "value" varchar, "created_at" datetime(6) NOT NULL, "updated_at" datetime(6) NOT NULL) /*application='CinderReach'*/[0m
  [1m[36mActiveRecord::InternalMetadata Load (0.1ms)[0m  [1m[34mSELECT * FROM "ar_internal_metadata" WHERE "ar_internal_metadata"."key" = 'environment' ORDER BY "ar_internal_metadata"."key" ASC LIMIT 1 /*application='CinderReach'*/[0m
  [1m[36mActiveRecord::InternalMetadata Create (0.1ms)[0m  [1m[32mINSERT INTO "ar_internal_metadata" ("key", "value", "created_at", "updated_at") VALUES ('environment', 'development', '2026-10-03 21:14:26.731111', '2026-10-03 21:14:26.731113') RETURNING "key" /*application='CinderReach'*/[0m
  [1m[36mActiveRecord::SchemaMigration Load (0.0ms)[0m  [1m[34mSELECT "schema_migrations"."version" FROM "schema_migrations" ORDER BY "schema_migrations"."version" ASC /*application='CinderReach'*/[0m
Migrating to CreateGames (20261003210000)
  [1m[36mTRANSACTION (0.0ms)[0m  [1m[35mBEGIN immediate TRANSACTION /*application='CinderReach'*/[0m
  [1m[35m (0.5ms)[0m  [1m[35mCREATE TABLE "games" ("id" integer PRIMARY KEY AUTOINCREMENT NOT NULL, "difficulty" varchar DEFAULT 'mandate' NOT NULL, "status" varchar DEFAULT 'playing' NOT NULL, "state" text NOT NULL, "created_at" datetime(6) NOT NULL, "updated_at" datetime(6) NOT NULL) /*application='CinderReach'*/[0m
  [1m[36mActiveRecord::SchemaMigration Create (0.0ms)[0m  [1m[32mINSERT INTO "schema_migrations" ("version") VALUES ('20261003210000') RETURNING "version" /*application='CinderReach'*/[0m
  [1m[36mTRANSACTION (0.0ms)[0m  [1m[35mCOMMIT TRANSACTION /*application='CinderReach'*/[0m
  [1m[36mActiveRecord::SchemaMigration Load (0.0ms)[0m  [1m[34mSELECT "schema_migrations"."version" FROM "schema_migrations" ORDER BY "schema_migrations"."version" ASC /*application='CinderReach'*/[0m
  [1m[36mTRANSACTION (0.0ms)[0m  [1m[35mBEGIN immediate TRANSACTION /*application='CinderReach'*/[0m
  ↳ app/services/cinder_reach/engine.rb:33:in 'CinderReach::Engine.start!'
  [1m[36mGame Create (0.5ms)[0m  [1m[32mINSERT INTO "games" ("difficulty", "status", "state", "created_at", "updated_at") VALUES ('mandate', 'playing', '{"cycle":1,"stability":5,"fleet":0,"colonies":0,"grid":false,"held":false,"supply":0,"deck":["colonist","militia","charter","charter","colonist"],"hand":["militia","colonist","colonist","militia","colonist"],"discard":[],"played":[],"scrapped":[],"market_deck":["embassy","survey_skiff","decree","militia_wing","field_lab","foundry","habitat_ring","survey_skiff","habitat_ring","gunship","defense_grid","decree","arcology","embassy","gunship","decree","survey_skiff","habitat_ring","foundry"],"reach":["gene_vault","militia_wing","listener_array","field_lab"],"deep":["glass_sea","rust_mesa","pale_garden"],"system":["red_choir","vault_orbit","black_relay"],"crisis_deck":["admiralty_demand","ration_riot","council_fracture","beacon_flicker","silent_ping","probe_swarm","refugee_wave","consortium_embargo","harvest_blight","deep_signal"],"crisis_discard":[],"current_crisis":null,"phase":"play","surveyed_world":null,"pending_effect":null,"buy_discount":0,"survey_discount":0,"vault_discount":false,"intercept_used":false,"glimpse":null,"log":["Cycle 1 begins. Ark-9''s beacon stirs in the dark."],"outcome":null}', '2026-10-03 21:14:27.692403', '2026-10-03 21:14:27.692403') RETURNING "id" /*application='CinderReach'*/[0m
  ↳ app/services/cinder_reach/engine.rb:33:in 'CinderReach::Engine.start!'
  [1m[36mTRANSACTION (0.1ms)[0m  [1m[35mCOMMIT TRANSACTION /*application='CinderReach'*/[0m
  ↳ app/services/cinder_reach/engine.rb:33:in 'CinderReach::Engine.start!'
  [1m[36mTRANSACTION (0.0ms)[0m  [1m[35mBEGIN immediate TRANSACTION /*application='CinderReach'*/[0m
  [1m[36mGame Destroy (0.4ms)[0m  [1m[31mDELETE FROM "games" WHERE "games"."id" = 1 /*application='CinderReach'*/[0m
  [1m[36mTRANSACTION (0.0ms)[0m  [1m[35mCOMMIT TRANSACTION /*application='CinderReach'*/[0m
Started HEAD "/" for 127.0.0.1 at 2026-10-03 17:15:48 -0400
  [1m[36mActiveRecord::SchemaMigration Load (0.1ms)[0m  [1m[34mSELECT "schema_migrations"."version" FROM "schema_migrations" ORDER BY "schema_migrations"."version" ASC /*application='CinderReach'*/[0m
  
NameError (uninitialized constant CinderReach::InvalidMove):
  
app/controllers/games_controller.rb:3:in '<class:GamesController>'
app/controllers/games_controller.rb:1:in '<compiled>'
Started GET "/" for 127.0.0.1 at 2026-10-03 17:16:11 -0400
Processing by GamesController#index as */*
  [1m[36mGame Load (0.0ms)[0m  [1m[34mSELECT "games".* FROM "games" WHERE "games"."id" IS NULL LIMIT 1 /*action='index',application='CinderReach',controller='games'*/[0m
  ↳ app/controllers/games_controller.rb:6:in 'GamesController#index'
  Rendering layout layouts/application.html.erb
  Rendering games/index.html.erb within layouts/application
  Rendered games/index.html.erb within layouts/application (Duration: 1.5ms | GC: 0.0ms)
  Rendered layout layouts/application.html.erb (Duration: 4.0ms | GC: 0.0ms)
Completed 200 OK in 16ms (Views: 5.1ms | ActiveRecord: 0.9ms (1 query, 0 cached) | GC: 0.6ms)


  [1m[36mTRANSACTION (0.0ms)[0m  [1m[35mBEGIN immediate TRANSACTION /*application='CinderReach'*/[0m
  ↳ app/services/cinder_reach/engine.rb:31:in 'CinderReach::Engine.start!'
  [1m[36mGame Create (0.5ms)[0m  [1m[32mINSERT INTO "games" ("difficulty", "status", "state", "created_at", "updated_at") VALUES ('mandate', 'playing', '{"cycle":1,"stability":5,"fleet":0,"colonies":0,"grid":false,"held":false,"supply":0,"deck":["charter","colonist","colonist","colonist","militia"],"hand":["militia","charter","colonist","colonist","militia"],"discard":[],"played":[],"scrapped":[],"market_deck":["survey_skiff","survey_skiff","gunship","foundry","militia_wing","listener_array","militia_wing","defense_grid","arcology","field_lab","embassy","decree","survey_skiff","foundry","habitat_ring","habitat_ring","field_lab","decree","decree"],"reach":["gene_vault","embassy","habitat_ring","gunship"],"deep":["rust_mesa","red_choir","vault_orbit"],"system":["glass_sea","pale_garden","black_relay"],"crisis_deck":["council_fracture","ration_riot","beacon_flicker","silent_ping","refugee_wave","consortium_embargo","harvest_blight","probe_swarm","deep_signal","admiralty_demand"],"crisis_discard":[],"current_crisis":null,"phase":"play","surveyed_world":null,"pending_effect":null,"buy_discount":0,"survey_discount":0,"vault_discount":false,"intercept_used":false,"glimpse":null,"log":["Cycle 1 begins. Ark-9''s beacon stirs in the dark."],"outcome":null}', '2026-10-03 21:16:29.696417', '2026-10-03 21:16:29.696417') RETURNING "id" /*application='CinderReach'*/[0m
  ↳ app/services/cinder_reach/engine.rb:31:in 'CinderReach::Engine.start!'
  [1m[36mTRANSACTION (0.2ms)[0m  [1m[35mCOMMIT TRANSACTION /*application='CinderReach'*/[0m
  ↳ app/services/cinder_reach/engine.rb:31:in 'CinderReach::Engine.start!'
Started GET "/games/2" for 127.0.0.1 at 2026-10-03 17:16:50 -0400
Processing by GamesController#show as HTML
  Parameters: {"id" => "2"}
  [1m[36mGame Load (0.0ms)[0m  [1m[34mSELECT "games".* FROM "games" WHERE "games"."id" = 2 LIMIT 1 /*action='show',application='CinderReach',controller='games'*/[0m
  ↳ app/controllers/games_controller.rb:43:in 'GamesController#set_game'
  Rendering layout layouts/application.html.erb
  Rendering games/show.html.erb within layouts/application
  Rendered games/_world.html.erb (Duration: 0.5ms | GC: 0.0ms)
  Rendered games/_world.html.erb (Duration: 0.1ms | GC: 0.0ms)
  Rendered games/_world.html.erb (Duration: 0.1ms | GC: 0.0ms)
  Rendered games/_card.html.erb (Duration: 0.3ms | GC: 0.0ms)
  Rendered games/_card.html.erb (Duration: 0.1ms | GC: 0.0ms)
  Rendered games/_card.html.erb (Duration: 0.1ms | GC: 0.0ms)
  Rendered games/_card.html.erb (Duration: 0.1ms | GC: 0.0ms)
  Rendered games/_rules.html.erb (Duration: 0.1ms | GC: 0.0ms)
  Rendered games/_card.html.erb (Duration: 0.3ms | GC: 0.0ms)
  Rendered games/_card.html.erb (Duration: 0.1ms | GC: 0.0ms)
  Rendered games/_card.html.erb (Duration: 0.1ms | GC: 0.0ms)
  Rendered games/_card.html.erb (Duration: 0.1ms | GC: 0.0ms)
  Rendered games/_card.html.erb (Duration: 0.1ms | GC: 0.0ms)
  Rendered games/show.html.erb within layouts/application (Duration: 4.5ms | GC: 0.0ms)
  Rendered layout layouts/application.html.erb (Duration: 4.8ms | GC: 0.0ms)
Completed 200 OK in 12ms (Views: 5.0ms | ActiveRecord: 0.2ms (1 query, 0 cached) | GC: 0.0ms)


Started GET "/games/2" for 127.0.0.1 at 2026-10-03 17:17:43 -0400
Processing by GamesController#show as HTML
  Parameters: {"id" => "2"}
  [1m[36mGame Load (0.0ms)[0m  [1m[34mSELECT "games".* FROM "games" WHERE "games"."id" = 2 LIMIT 1 /*action='show',application='CinderReach',controller='games'*/[0m
  ↳ app/controllers/games_controller.rb:43:in 'GamesController#set_game'
  Rendering layout layouts/application.html.erb
  Rendering games/show.html.erb within layouts/application
  Rendered games/_world.html.erb (Duration: 0.4ms | GC: 0.0ms)
  Rendered games/_world.html.erb (Duration: 0.1ms | GC: 0.0ms)
  Rendered games/_world.html.erb (Duration: 0.1ms | GC: 0.0ms)
  Rendered games/_card.html.erb (Duration: 0.3ms | GC: 0.0ms)
  Rendered games/_card.html.erb (Duration: 0.1ms | GC: 0.0ms)
  Rendered games/_card.html.erb (Duration: 0.1ms | GC: 0.0ms)
  Rendered games/_card.html.erb (Duration: 0.1ms | GC: 0.0ms)
  Rendered games/_rules.html.erb (Duration: 0.1ms | GC: 0.0ms)
  Rendered games/_card.html.erb (Duration: 0.2ms | GC: 0.0ms)
  Rendered games/_card.html.erb (Duration: 0.1ms | GC: 0.0ms)
  Rendered games/_card.html.erb (Duration: 0.1ms | GC: 0.0ms)
  Rendered games/_card.html.erb (Duration: 0.1ms | GC: 0.0ms)
  Rendered games/_card.html.erb (Duration: 0.1ms | GC: 0.0ms)
  Rendered games/show.html.erb within layouts/application (Duration: 4.1ms | GC: 0.0ms)
  Rendered layout layouts/application.html.erb (Duration: 4.9ms | GC: 0.0ms)
Completed 200 OK in 9ms (Views: 5.5ms | ActiveRecord: 0.5ms (1 query, 0 cached) | GC: 0.0ms)


  [1m[36mGame Delete All (0.4ms)[0m  [1m[31mDELETE FROM "games" /*application='CinderReach'*/[0m
Started GET "/" for 127.0.0.1 at 2026-10-03 17:53:39 -0400
  [1m[36mActiveRecord::SchemaMigration Load (0.1ms)[0m  [1m[34mSELECT "schema_migrations"."version" FROM "schema_migrations" ORDER BY "schema_migrations"."version" ASC /*application='CinderReach'*/[0m
Processing by GamesController#index as HTML
  [1m[36mGame Load (0.0ms)[0m  [1m[34mSELECT "games".* FROM "games" WHERE "games"."id" IS NULL LIMIT 1 /*action='index',application='CinderReach',controller='games'*/[0m
  ↳ app/controllers/games_controller.rb:6:in 'GamesController#index'
  Rendering layout layouts/application.html.erb
  Rendering games/index.html.erb within layouts/application
  Rendered games/index.html.erb within layouts/application (Duration: 2.1ms | GC: 0.0ms)
  Rendered layout layouts/application.html.erb (Duration: 5.5ms | GC: 0.0ms)
Completed 200 OK in 19ms (Views: 7.5ms | ActiveRecord: 0.7ms (1 query, 0 cached) | GC: 0.0ms)


Started POST "/games" for 127.0.0.1 at 2026-10-03 17:53:49 -0400
Processing by GamesController#create as TURBO_STREAM
  Parameters: {"authenticity_token" => "[FILTERED]", "difficulty" => "prospect", "commit" => "Begin expedition  →"}
  [1m[36mTRANSACTION (0.1ms)[0m  [1m[35mBEGIN immediate TRANSACTION /*action='create',application='CinderReach',controller='games'*/[0m
  ↳ app/services/cinder_reach/engine.rb:31:in 'CinderReach::Engine.start!'
  [1m[36mGame Create (1.2ms)[0m  [1m[32mINSERT INTO "games" ("difficulty", "status", "state", "created_at", "updated_at") VALUES ('prospect', 'playing', '{"cycle":1,"stability":6,"fleet":0,"colonies":0,"grid":false,"held":false,"supply":0,"deck":["colonist","militia","colonist","colonist","colonist"],"hand":["charter","charter","colonist","militia","militia"],"discard":[],"played":[],"scrapped":[],"market_deck":["listener_array","militia_wing","foundry","arcology","gene_vault","militia_wing","decree","decree","survey_skiff","gunship","gunship","habitat_ring","decree","survey_skiff","field_lab","defense_grid","embassy","habitat_ring","field_lab"],"reach":["habitat_ring","embassy","survey_skiff","foundry"],"deep":["red_choir","glass_sea","vault_orbit"],"system":["rust_mesa","pale_garden","black_relay"],"crisis_deck":["silent_ping","ration_riot","probe_swarm","council_fracture","deep_signal","beacon_flicker","admiralty_demand","consortium_embargo","refugee_wave","harvest_blight"],"crisis_discard":[],"current_crisis":null,"phase":"play","surveyed_world":null,"pending_effect":null,"buy_discount":0,"survey_discount":0,"vault_discount":false,"intercept_used":false,"glimpse":null,"log":["Cycle 1 begins. Ark-9''s beacon stirs in the dark."],"outcome":null}', '2026-10-03 21:53:49.473155', '2026-10-03 21:53:49.473155') RETURNING "id" /*action='create',application='CinderReach',controller='games'*/[0m
  ↳ app/services/cinder_reach/engine.rb:31:in 'CinderReach::Engine.start!'
  [1m[36mTRANSACTION (0.5ms)[0m  [1m[35mCOMMIT TRANSACTION /*action='create',application='CinderReach',controller='games'*/[0m
  ↳ app/services/cinder_reach/engine.rb:31:in 'CinderReach::Engine.start!'
Redirected to http://localhost:3000/games/3
↳ app/controllers/games_controller.rb:12:in 'GamesController#create'
Completed 302 Found in 12ms (ActiveRecord: 2.1ms (1 query, 0 cached) | GC: 0.0ms)


Started GET "/games/3" for 127.0.0.1 at 2026-10-03 17:53:49 -0400
Processing by GamesController#show as TURBO_STREAM
  Parameters: {"id" => "3"}
  [1m[36mGame Load (0.1ms)[0m  [1m[34mSELECT "games".* FROM "games" WHERE "games"."id" = 3 LIMIT 1 /*action='show',application='CinderReach',controller='games'*/[0m
  ↳ app/controllers/games_controller.rb:43:in 'GamesController#set_game'
  Rendering layout layouts/application.html.erb
  Rendering games/show.html.erb within layouts/application
  Rendered games/_world.html.erb (Duration: 0.4ms | GC: 0.0ms)
  Rendered games/_world.html.erb (Duration: 0.1ms | GC: 0.0ms)
  Rendered games/_world.html.erb (Duration: 0.1ms | GC: 0.0ms)
  Rendered games/_card.html.erb (Duration: 0.3ms | GC: 0.0ms)
  Rendered games/_card.html.erb (Duration: 0.1ms | GC: 0.0ms)
  Rendered games/_card.html.erb (Duration: 0.1ms | GC: 0.0ms)
  Rendered games/_card.html.erb (Duration: 0.1ms | GC: 0.0ms)
  Rendered games/_rules.html.erb (Duration: 0.1ms | GC: 0.0ms)
  Rendered games/_card.html.erb (Duration: 0.2ms | GC: 0.0ms)
  Rendered games/_card.html.erb (Duration: 0.1ms | GC: 0.0ms)
  Rendered games/_card.html.erb (Duration: 0.1ms | GC: 0.0ms)
  Rendered games/_card.html.erb (Duration: 0.1ms | GC: 0.0ms)
  Rendered games/_card.html.erb (Duration: 0.1ms | GC: 0.0ms)
  Rendered games/show.html.erb within layouts/application (Duration: 5.7ms | GC: 0.0ms)
  Rendered layout layouts/application.html.erb (Duration: 6.0ms | GC: 0.0ms)
Completed 200 OK in 9ms (Views: 6.3ms | ActiveRecord: 0.1ms (1 query, 0 cached) | GC: 0.0ms)


